// Jest Snapshot v1, https://goo.gl/fbAQLP

exports[`atoms => PageLoader It should match snapshot 1`] = `
<DocumentFragment>
  <div
    class="PageLoader-sc-2ikry1-0 gpgDXc"
  >
    PageLoader
  </div>
</DocumentFragment>
`;
